// Jest Snapshot v1, https://goo.gl/fbAQLP

exports[`matches snapshot 1`] = `
<h1
  className="f2 fw6 pv1 pt4-ns pb3-ns"
>
  <a
    className="link ttc black-80 hover-blue"
    href="https://github.com/my-owner/my-repo"
    rel="noopener noreferrer"
    target="_blank"
  >
    my-repo
  </a>
   Leaderboard
</h1>
`;
